[2026-02-21 17:13:23] Starting update - week Feb 15–Feb 21, 2026
[2026-02-21 17:13:23] Pulling Wauwatosa...
[2026-02-21 17:13:26]   DAYCARE: 614
[2026-02-21 17:13:27]   BOARDING: 33
[2026-02-21 17:13:27]   GROOMING: 75
[2026-02-21 17:13:27] Pulling Milwaukee Downtown...
[2026-02-21 17:13:30]   DAYCARE: 326
[2026-02-21 17:13:31]   BOARDING: 8
[2026-02-21 17:13:31]   GROOMING: 38
[2026-02-21 17:13:31] Pulling Grayslake...
[2026-02-21 17:13:33]   DAYCARE: 443
[2026-02-21 17:13:33]   BOARDING: 8
[2026-02-21 17:13:34]   GROOMING: 69
[2026-02-21 17:13:34] Pulling Milwaukee Eastside...
[2026-02-21 17:13:36]   DAYCARE: 329
[2026-02-21 17:13:36]   BOARDING: 11
[2026-02-21 17:13:37]   GROOMING: 71
[2026-02-21 17:13:37] Pulling Mequon...
[2026-02-21 17:13:38]   DAYCARE: 0
[2026-02-21 17:13:39]   BOARDING: 0
[2026-02-21 17:13:39]   GROOMING: 0
[2026-02-21 17:13:39] Pulling last week + clients + boarding nights...
[2026-02-21 17:13:40]   Last week Wauwatosa: $35,331.13
[2026-02-21 17:13:40]   Last week Milwaukee Downtown: $18,878.70
[2026-02-21 17:13:41]   Last week Grayslake: $23,207.88
[2026-02-21 17:13:41]   Last week Milwaukee Eastside: $21,883.90
[2026-02-21 17:13:42]   Last week Mequon: $0.00
[2026-02-21 17:13:43]   Clients Wauwatosa: new=3 total=399
[2026-02-21 17:13:44]   Clients Milwaukee Downtown: new=3 total=185
[2026-02-21 17:13:45]   Clients Grayslake: new=2 total=270
[2026-02-21 17:13:46]   Clients Milwaukee Eastside: new=3 total=215
[2026-02-21 17:13:47]   Clients Mequon: new=0 total=0
[2026-02-21 17:13:48]   Boarding Wauwatosa: 33 dogs, 65 nights
[2026-02-21 17:13:48]   Boarding Milwaukee Downtown: 8 dogs, 19 nights
[2026-02-21 17:13:49]   Boarding Grayslake: 8 dogs, 21 nights
[2026-02-21 17:13:49]   Boarding Milwaukee Eastside: 11 dogs, 27 nights
[2026-02-21 17:13:50]   Boarding Mequon: 0 dogs, 0 nights
[2026-02-21 17:13:51]   Q1 Wauwatosa: $235,526.92 / $433,126.89 (54.4%)
[2026-02-21 17:13:52]   Q1 Milwaukee Downtown: $130,058.04 / $227,805.84 (57.1%)
[2026-02-21 17:13:53]   Q1 Grayslake: $170,423.25 / $315,763.77 (54.0%)
[2026-02-21 17:13:54]   Q1 Milwaukee Eastside: $153,281.09 / $273,556.22 (56.0%)
[2026-02-21 17:13:55]   Q1 Mequon: $0.00 / $0.00 (0.0%)
[2026-02-21 17:13:55] Data complete - building HTML...
[2026-02-21 17:13:56]   Retail Wauwatosa: $551.68 (1.8%% of revenue)
[2026-02-21 17:13:57]   Retail Milwaukee Downtown: $256.09 (1.4%% of revenue)
[2026-02-21 17:13:58]   Retail Grayslake: $122.57 (0.4%% of revenue)
[2026-02-21 17:13:59]   Retail Milwaukee Eastside: $225.78 (1.1%% of revenue)
[2026-02-21 17:13:59]   Retail Mequon: $0.00 (0.0%% of revenue)
[2026-02-21 17:14:01]   YTD Wauwatosa: $235,526.92 vs LY $220,498.35 (+6.8%)
[2026-02-21 17:14:03]   YTD Milwaukee Downtown: $130,058.04 vs LY $114,849.38 (+13.2%)
[2026-02-21 17:14:05]   YTD Grayslake: $170,423.25 vs LY $149,001.31 (+14.4%)
[2026-02-21 17:14:07]   YTD Milwaukee Eastside: $153,281.09 vs LY $131,457.74 (+16.6%)
[2026-02-21 17:14:08]   YTD Mequon: $0.00 vs LY $0.00 (+0.0%)
[2026-02-21 17:14:08] Data complete - building HTML...
[2026-02-21 17:14:08] Pulling daily scorecard data...
[2026-02-21 17:14:25]   Scorecard Wauwatosa: DC=9 BO=7 GR=6 Retail=$5.98
[2026-02-21 17:14:41]   Scorecard Milwaukee Downtown: DC=8 BO=2 GR=1 Retail=$0.00
[2026-02-21 17:14:58]   Scorecard Grayslake: DC=16 BO=2 GR=14 Retail=$0.00
[2026-02-21 17:15:14]   Scorecard Milwaukee Eastside: DC=4 BO=0 GR=9 Retail=$0.00
[2026-02-21 17:15:27]   Scorecard Mequon: DC=0 BO=0 GR=0 Retail=$0.00
[2026-02-21 17:15:27] Scorecard data complete.
[2026-02-21 17:15:27] Pulling tomorrow's bookings...
[2026-02-21 17:15:28]   Tomorrow Wauwatosa: DC=0 BO=1
[2026-02-21 17:15:29]   Tomorrow Milwaukee Downtown: DC=0 BO=1
[2026-02-21 17:15:30]   Tomorrow Grayslake: DC=0 BO=1
[2026-02-21 17:15:31]   Tomorrow Milwaukee Eastside: DC=0 BO=0
[2026-02-21 17:15:31]   Tomorrow Mequon: DC=0 BO=0
[2026-02-21 17:15:31] Tomorrow data complete.
[2026-02-21 17:15:31] Generating dashboard files...
[2026-02-21 17:15:31]   Generated index.html (owner)
[2026-02-21 17:15:31]   Generated dm.html (district manager)
[2026-02-21 17:15:31]   Generated gm-wauwatosa.html
[2026-02-21 17:15:31]   Generated gm-milwaukee-downtown.html
[2026-02-21 17:15:31]   Generated gm-grayslake.html
[2026-02-21 17:15:31]   Generated gm-milwaukee-eastside.html
[2026-02-21 17:15:31]   Generated gm-mequon.html
[2026-02-21 17:15:31] Dashboard saved to /home/runner/work/centralbark/centralbark/central_bark_dashboard.html
[2026-02-21 17:15:31] GitHub push failed: Command '['git', '-C', '/home/runner/work/centralbark/centralbark', 'commit', '-m', 'dashboard update Feb 21, 2026 at 05:13 PM']' returned non-zero exit status 128.
[2026-02-21 17:15:31] Done.
[2026-02-21 11:42:54] Starting update - week Feb 15–Feb 21, 2026
[2026-02-21 11:42:54] Pulling Wauwatosa...
[2026-02-21 11:43:00]   DAYCARE: 614
[2026-02-21 11:43:01]   BOARDING: 33
[2026-02-21 11:43:02]   GROOMING: 75
[2026-02-21 11:43:02] Pulling Milwaukee Downtown...
[2026-02-21 11:43:06]   DAYCARE: 326
[2026-02-21 11:43:08]   BOARDING: 9
[2026-02-21 11:43:10]   GROOMING: 38
[2026-02-21 11:43:10] Pulling Grayslake...
[2026-02-21 11:43:14]   DAYCARE: 443
[2026-02-21 11:43:15]   BOARDING: 8
[2026-02-21 11:43:16]   GROOMING: 70
[2026-02-21 11:43:16] Pulling Milwaukee Eastside...
[2026-02-21 11:43:20]   DAYCARE: 329
[2026-02-21 11:43:21]   BOARDING: 11
[2026-02-21 11:43:23]   GROOMING: 71
[2026-02-21 11:43:23] Pulling Mequon...
[2026-02-21 11:43:27]   DAYCARE: 0
[2026-02-21 11:43:28]   BOARDING: 0
[2026-02-21 11:43:30]   GROOMING: 0
[2026-02-21 11:43:30] Pulling last week + clients + boarding nights...
[2026-02-21 11:43:32]   Last week Wauwatosa: $35,331.13
[2026-02-21 11:43:33]   Last week Milwaukee Downtown: $18,878.70
[2026-02-21 11:43:34]   Last week Grayslake: $23,207.88
[2026-02-21 11:43:36]   Last week Milwaukee Eastside: $21,883.90
[2026-02-21 11:43:38]   Last week Mequon: $0.00
[2026-02-21 11:43:41]   Clients Wauwatosa: new=3 total=400
[2026-02-21 11:43:44]   Clients Milwaukee Downtown: new=3 total=185
[2026-02-21 11:43:47]   Clients Grayslake: new=2 total=271
[2026-02-21 11:43:50]   Clients Milwaukee Eastside: new=3 total=216
[2026-02-21 11:43:51]   Clients Mequon: new=0 total=0
[2026-02-21 11:43:52]   Boarding Wauwatosa: 33 dogs, 65 nights
[2026-02-21 11:43:53]   Boarding Milwaukee Downtown: 9 dogs, 20 nights
[2026-02-21 11:43:54]   Boarding Grayslake: 8 dogs, 20 nights
[2026-02-21 11:43:54]   Boarding Milwaukee Eastside: 11 dogs, 27 nights
[2026-02-21 11:43:56]   Boarding Mequon: 0 dogs, 0 nights
[2026-02-21 11:43:58]   Q1 Wauwatosa: $235,681.51 / $433,126.89 (54.4%)
[2026-02-21 11:44:00]   Q1 Milwaukee Downtown: $130,058.04 / $227,805.84 (57.1%)
[2026-02-21 11:44:03]   Q1 Grayslake: $170,682.25 / $315,763.77 (54.1%)
[2026-02-21 11:44:06]   Q1 Milwaukee Eastside: $153,313.07 / $273,556.22 (56.0%)
[2026-02-21 11:44:08]   Q1 Mequon: $0.00 / $0.00 (0.0%)
[2026-02-21 11:44:08] Data complete - building HTML...
[2026-02-21 11:44:10]   Retail Wauwatosa: $551.68 (1.8%% of revenue)
[2026-02-21 11:44:12]   Retail Milwaukee Downtown: $256.09 (1.4%% of revenue)
[2026-02-21 11:44:14]   Retail Grayslake: $122.57 (0.4%% of revenue)
[2026-02-21 11:44:16]   Retail Milwaukee Eastside: $225.78 (1.1%% of revenue)
[2026-02-21 11:44:16]   Retail Mequon: $0.00 (0.0%% of revenue)
[2026-02-21 11:44:19]   YTD Wauwatosa: $235,681.51 vs LY $220,498.35 (+6.9%)
[2026-02-21 11:44:22]   YTD Milwaukee Downtown: $130,058.04 vs LY $114,849.38 (+13.2%)
[2026-02-21 11:44:25]   YTD Grayslake: $170,682.25 vs LY $149,001.31 (+14.6%)
[2026-02-21 11:44:28]   YTD Milwaukee Eastside: $153,313.07 vs LY $131,457.74 (+16.6%)
[2026-02-21 11:44:30]   YTD Mequon: $0.00 vs LY $0.00 (+0.0%)
[2026-02-21 11:44:30] Data complete - building HTML...
[2026-02-21 11:44:30] Pulling daily scorecard data...
[2026-02-21 11:44:54]   Scorecard Wauwatosa: DC=9 BO=7 GR=6 Retail=$5.98
[2026-02-21 11:45:18]   Scorecard Milwaukee Downtown: DC=8 BO=3 GR=1 Retail=$0.00
[2026-02-21 11:45:41]   Scorecard Grayslake: DC=16 BO=2 GR=15 Retail=$0.00
[2026-02-21 11:46:03]   Scorecard Milwaukee Eastside: DC=4 BO=0 GR=9 Retail=$0.00
[2026-02-21 11:46:22]   Scorecard Mequon: DC=0 BO=0 GR=0 Retail=$0.00
[2026-02-21 11:46:22] Scorecard data complete.
[2026-02-21 11:46:22] Pulling tomorrow's bookings...
[2026-02-21 11:46:23]   Tomorrow Wauwatosa: DC=0 BO=1
[2026-02-21 11:46:25]   Tomorrow Milwaukee Downtown: DC=0 BO=1
[2026-02-21 11:46:26]   Tomorrow Grayslake: DC=0 BO=1
[2026-02-21 11:46:27]   Tomorrow Milwaukee Eastside: DC=0 BO=0
[2026-02-21 11:46:28]   Tomorrow Mequon: DC=0 BO=0
[2026-02-21 11:46:28] Tomorrow data complete.
[2026-02-21 11:46:28] Generating dashboard files...
[2026-02-21 11:46:28]   Generated index.html (owner)
[2026-02-21 11:46:28]   Generated dm.html (district manager)
[2026-02-21 11:46:28]   Generated gm-wauwatosa.html
[2026-02-21 11:46:28]   Generated gm-milwaukee-downtown.html
[2026-02-21 11:46:28]   Generated gm-grayslake.html
[2026-02-21 11:46:28]   Generated gm-milwaukee-eastside.html
[2026-02-21 11:46:28]   Generated gm-mequon.html
[2026-02-21 11:46:28] Dashboard saved to /Users/rade/Desktop/CentralBark/central_bark_dashboard.html
[2026-02-21 11:46:29] Pushed all files to GitHub Pages
[2026-02-21 11:46:29] Done.
[2026-02-21 11:59:49] Starting update - week Feb 15–Feb 21, 2026
[2026-02-21 11:59:49] Pulling Wauwatosa...
[2026-02-21 11:59:53]   DAYCARE: 614
[2026-02-21 11:59:54]   BOARDING: 33
[2026-02-21 11:59:54]   GROOMING: 75
[2026-02-21 11:59:54] Pulling Milwaukee Downtown...
[2026-02-21 11:59:57]   DAYCARE: 326
[2026-02-21 11:59:57]   BOARDING: 9
[2026-02-21 11:59:58]   GROOMING: 38
[2026-02-21 11:59:58] Pulling Grayslake...
[2026-02-21 12:00:01]   DAYCARE: 443
[2026-02-21 12:00:02]   BOARDING: 8
[2026-02-21 12:00:03]   GROOMING: 70
[2026-02-21 12:00:03] Pulling Milwaukee Eastside...
[2026-02-21 12:00:05]   DAYCARE: 329
[2026-02-21 12:00:06]   BOARDING: 11
[2026-02-21 12:00:07]   GROOMING: 71
[2026-02-21 12:00:07] Pulling Mequon...
[2026-02-21 12:00:08]   DAYCARE: 0
[2026-02-21 12:00:09]   BOARDING: 0
[2026-02-21 12:00:09]   GROOMING: 0
[2026-02-21 12:00:09] Pulling last week + clients + boarding nights...
[2026-02-21 12:00:10]   Last week Wauwatosa: $35,331.13
[2026-02-21 12:00:11]   Last week Milwaukee Downtown: $18,878.70
[2026-02-21 12:00:11]   Last week Grayslake: $23,207.88
[2026-02-21 12:00:12]   Last week Milwaukee Eastside: $21,883.90
[2026-02-21 12:00:12]   Last week Mequon: $0.00
[2026-02-21 12:00:14]   Clients Wauwatosa: new=3 total=400
[2026-02-21 12:00:15]   Clients Milwaukee Downtown: new=3 total=185
[2026-02-21 12:00:17]   Clients Grayslake: new=2 total=271
[2026-02-21 12:00:19]   Clients Milwaukee Eastside: new=3 total=216
[2026-02-21 12:00:20]   Clients Mequon: new=0 total=0
[2026-02-21 12:00:21]   Boarding Wauwatosa: 33 dogs, 65 nights
[2026-02-21 12:00:21]   Boarding Milwaukee Downtown: 9 dogs, 20 nights
[2026-02-21 12:00:22]   Boarding Grayslake: 8 dogs, 20 nights
[2026-02-21 12:00:22]   Boarding Milwaukee Eastside: 11 dogs, 27 nights
[2026-02-21 12:00:23]   Boarding Mequon: 0 dogs, 0 nights
[2026-02-21 12:00:24]   Q1 Wauwatosa: $235,681.51 / $433,126.89 (54.4%)
[2026-02-21 12:00:26]   Q1 Milwaukee Downtown: $130,058.04 / $227,805.84 (57.1%)
[2026-02-21 12:00:27]   Q1 Grayslake: $170,682.25 / $315,763.77 (54.1%)
[2026-02-21 12:00:29]   Q1 Milwaukee Eastside: $153,313.07 / $273,556.22 (56.0%)
[2026-02-21 12:00:30]   Q1 Mequon: $0.00 / $0.00 (0.0%)
[2026-02-21 12:00:30] Data complete - building HTML...
[2026-02-21 12:00:31]   Retail Wauwatosa: $551.68 (1.8%% of revenue)
[2026-02-21 12:00:33]   Retail Milwaukee Downtown: $256.09 (1.4%% of revenue)
[2026-02-21 12:00:34]   Retail Grayslake: $122.57 (0.4%% of revenue)
[2026-02-21 12:00:35]   Retail Milwaukee Eastside: $225.78 (1.1%% of revenue)
[2026-02-21 12:00:36]   Retail Mequon: $0.00 (0.0%% of revenue)
[2026-02-21 12:00:38]   YTD Wauwatosa: $235,681.51 vs LY $220,498.35 (+6.9%)
[2026-02-21 12:00:41]   YTD Milwaukee Downtown: $130,058.04 vs LY $114,849.38 (+13.2%)
[2026-02-21 12:00:43]   YTD Grayslake: $170,682.25 vs LY $149,001.31 (+14.6%)
[2026-02-21 12:00:46]   YTD Milwaukee Eastside: $153,313.07 vs LY $131,457.74 (+16.6%)
[2026-02-21 12:00:47]   YTD Mequon: $0.00 vs LY $0.00 (+0.0%)
[2026-02-21 12:00:47] Data complete - building HTML...
[2026-02-21 12:00:47] Pulling daily scorecard data...
[2026-02-21 12:01:11]   Scorecard Wauwatosa: DC=9 BO=7 GR=6 Retail=$5.98
[2026-02-21 12:01:34]   Scorecard Milwaukee Downtown: DC=8 BO=3 GR=1 Retail=$0.00
[2026-02-21 12:01:56]   Scorecard Grayslake: DC=16 BO=2 GR=15 Retail=$0.00
[2026-02-21 12:02:17]   Scorecard Milwaukee Eastside: DC=4 BO=0 GR=9 Retail=$0.00
[2026-02-21 12:02:36]   Scorecard Mequon: DC=0 BO=0 GR=0 Retail=$0.00
[2026-02-21 12:02:36] Scorecard data complete.
[2026-02-21 12:02:36] Pulling tomorrow's bookings...
[2026-02-21 12:02:37]   Tomorrow Wauwatosa: DC=0 BO=1
[2026-02-21 12:02:38]   Tomorrow Milwaukee Downtown: DC=0 BO=1
[2026-02-21 12:02:39]   Tomorrow Grayslake: DC=0 BO=1
[2026-02-21 12:02:40]   Tomorrow Milwaukee Eastside: DC=0 BO=0
[2026-02-21 12:02:42]   Tomorrow Mequon: DC=0 BO=0
[2026-02-21 12:02:42] Tomorrow data complete.
[2026-02-21 12:02:42] Generating dashboard files...
[2026-02-21 12:02:42]   Generated index.html (owner)
[2026-02-21 12:02:42]   Generated dm.html (district manager)
[2026-02-21 12:02:42]   Generated gm-wauwatosa.html
[2026-02-21 12:02:42]   Generated gm-milwaukee-downtown.html
[2026-02-21 12:02:42]   Generated gm-grayslake.html
[2026-02-21 12:02:42]   Generated gm-milwaukee-eastside.html
[2026-02-21 12:02:42]   Generated gm-mequon.html
[2026-02-21 12:02:42] Dashboard saved to /Users/rade/Desktop/CentralBark/central_bark_dashboard.html
[2026-02-21 12:02:43] Pushed all files to GitHub Pages
[2026-02-21 12:02:43] Done.
[2026-02-21 12:18:53] Starting update - week Feb 15–Feb 21, 2026
[2026-02-21 12:18:53] Pulling Wauwatosa...
[2026-02-21 12:18:57]   DAYCARE: 614
[2026-02-21 12:18:58]   BOARDING: 33
[2026-02-21 12:18:59]   GROOMING: 75
[2026-02-21 12:18:59] Pulling Milwaukee Downtown...
[2026-02-21 12:19:01]   DAYCARE: 326
[2026-02-21 12:19:02]   BOARDING: 9
[2026-02-21 12:19:03]   GROOMING: 38
[2026-02-21 12:19:03] Pulling Grayslake...
[2026-02-21 12:19:06]   DAYCARE: 443
[2026-02-21 12:19:07]   BOARDING: 8
[2026-02-21 12:19:08]   GROOMING: 70
[2026-02-21 12:19:08] Pulling Milwaukee Eastside...
[2026-02-21 12:19:11]   DAYCARE: 329
[2026-02-21 12:19:11]   BOARDING: 11
[2026-02-21 12:19:12]   GROOMING: 71
[2026-02-21 12:19:12] Pulling Mequon...
[2026-02-21 12:19:14]   DAYCARE: 0
[2026-02-21 12:19:15]   BOARDING: 0
[2026-02-21 12:19:16]   GROOMING: 0
[2026-02-21 12:19:16] Pulling last week + clients + boarding nights...
[2026-02-21 12:19:17]   Last week Wauwatosa: $35,331.13
[2026-02-21 12:19:18]   Last week Milwaukee Downtown: $18,878.70
[2026-02-21 12:19:18]   Last week Grayslake: $23,207.88
[2026-02-21 12:19:19]   Last week Milwaukee Eastside: $21,883.90
[2026-02-21 12:19:20]   Last week Mequon: $0.00
[2026-02-21 12:19:21]   Clients Wauwatosa: new=3 total=400
[2026-02-21 12:19:23]   Clients Milwaukee Downtown: new=3 total=185
[2026-02-21 12:19:25]   Clients Grayslake: new=2 total=271
[2026-02-21 12:19:26]   Clients Milwaukee Eastside: new=3 total=216
[2026-02-21 12:19:27]   Clients Mequon: new=0 total=0
[2026-02-21 12:19:28]   Boarding Wauwatosa: 33 dogs, 65 nights
[2026-02-21 12:19:29]   Boarding Milwaukee Downtown: 9 dogs, 20 nights
[2026-02-21 12:19:30]   Boarding Grayslake: 8 dogs, 20 nights
[2026-02-21 12:19:31]   Boarding Milwaukee Eastside: 11 dogs, 27 nights
[2026-02-21 12:19:32]   Boarding Mequon: 0 dogs, 0 nights
[2026-02-21 12:19:33]   Q1 Wauwatosa: $235,681.51 / $433,126.89 (54.4%)
[2026-02-21 12:19:35]   Q1 Milwaukee Downtown: $130,058.04 / $227,805.84 (57.1%)
[2026-02-21 12:19:37]   Q1 Grayslake: $170,682.25 / $315,763.77 (54.1%)
[2026-02-21 12:19:39]   Q1 Milwaukee Eastside: $153,313.07 / $273,556.22 (56.0%)
[2026-02-21 12:19:40]   Q1 Mequon: $0.00 / $0.00 (0.0%)
[2026-02-21 12:19:40] Data complete - building HTML...
[2026-02-21 12:19:42]   Retail Wauwatosa: $551.68 (1.8%% of revenue)
[2026-02-21 12:19:43]   Retail Milwaukee Downtown: $256.09 (1.4%% of revenue)
[2026-02-21 12:19:44]   Retail Grayslake: $122.57 (0.4%% of revenue)
[2026-02-21 12:19:45]   Retail Milwaukee Eastside: $225.78 (1.1%% of revenue)
[2026-02-21 12:19:46]   Retail Mequon: $0.00 (0.0%% of revenue)
[2026-02-21 12:19:49]   YTD Wauwatosa: $235,681.51 vs LY $220,498.35 (+6.9%)
[2026-02-21 12:19:52]   YTD Milwaukee Downtown: $130,058.04 vs LY $114,849.38 (+13.2%)
[2026-02-21 12:19:55]   YTD Grayslake: $170,682.25 vs LY $149,001.31 (+14.6%)
[2026-02-21 12:19:58]   YTD Milwaukee Eastside: $153,313.07 vs LY $131,457.74 (+16.6%)
[2026-02-21 12:20:01]   YTD Mequon: $0.00 vs LY $0.00 (+0.0%)
[2026-02-21 12:20:01] Data complete - building HTML...
[2026-02-21 12:20:01] Pulling daily scorecard data...
[2026-02-21 12:20:27]   Scorecard Wauwatosa: DC=9 BO=7 GR=6 Retail=$5.98
[2026-02-21 12:20:56]   Scorecard Milwaukee Downtown: DC=8 BO=3 GR=1 Retail=$0.00
[2026-02-21 12:21:20]   Scorecard Grayslake: DC=16 BO=2 GR=15 Retail=$0.00
[2026-02-21 12:21:42]   Scorecard Milwaukee Eastside: DC=4 BO=0 GR=9 Retail=$0.00
[2026-02-21 12:22:02]   Scorecard Mequon: DC=0 BO=0 GR=0 Retail=$0.00
[2026-02-21 12:22:02] Scorecard data complete.
[2026-02-21 12:22:02] Pulling tomorrow's bookings...
[2026-02-21 12:22:03]   Tomorrow Wauwatosa: DC=0 BO=1
[2026-02-21 12:22:04]   Tomorrow Milwaukee Downtown: DC=0 BO=1
[2026-02-21 12:22:05]   Tomorrow Grayslake: DC=0 BO=1
[2026-02-21 12:22:06]   Tomorrow Milwaukee Eastside: DC=0 BO=0
[2026-02-21 12:22:07]   Tomorrow Mequon: DC=0 BO=0
[2026-02-21 12:22:07] Tomorrow data complete.
[2026-02-21 12:22:07] Generating dashboard files...
[2026-02-21 12:22:07]   Generated index.html (owner)
[2026-02-21 12:22:07]   Generated dm.html (district manager)
[2026-02-21 12:22:07]   Generated gm-wauwatosa.html
[2026-02-21 12:22:07]   Generated gm-milwaukee-downtown.html
[2026-02-21 12:22:07]   Generated gm-grayslake.html
[2026-02-21 12:22:07]   Generated gm-milwaukee-eastside.html
[2026-02-21 12:22:07]   Generated gm-mequon.html
[2026-02-21 12:22:07] Dashboard saved to /Users/rade/Desktop/CentralBark/central_bark_dashboard.html
[2026-02-21 12:22:08] Pushed all files to GitHub Pages
[2026-02-21 12:22:08] Done.
[2026-02-21 12:29:43] Starting update - week Feb 15–Feb 21, 2026
[2026-02-21 12:29:43] Pulling Wauwatosa...
[2026-02-21 12:29:46]   DAYCARE: 614
[2026-02-21 12:29:47]   BOARDING: 33
[2026-02-21 12:29:47]   GROOMING: 75
[2026-02-21 12:29:47] Pulling Milwaukee Downtown...
[2026-02-21 12:29:50]   DAYCARE: 326
[2026-02-21 12:29:50]   BOARDING: 9
[2026-02-21 12:29:51]   GROOMING: 38
[2026-02-21 12:29:51] Pulling Grayslake...
[2026-02-21 12:29:54]   DAYCARE: 443
[2026-02-21 12:29:54]   BOARDING: 8
[2026-02-21 12:29:55]   GROOMING: 70
[2026-02-21 12:29:55] Pulling Milwaukee Eastside...
[2026-02-21 12:29:57]   DAYCARE: 329
[2026-02-21 12:29:58]   BOARDING: 11
[2026-02-21 12:29:59]   GROOMING: 71
[2026-02-21 12:29:59] Pulling Mequon...
[2026-02-21 12:30:00]   DAYCARE: 0
[2026-02-21 12:30:01]   BOARDING: 0
[2026-02-21 12:30:02]   GROOMING: 0
[2026-02-21 12:30:02] Pulling last week + clients + boarding nights...
[2026-02-21 12:30:03]   Last week Wauwatosa: $35,331.13
[2026-02-21 12:30:03]   Last week Milwaukee Downtown: $18,878.70
[2026-02-21 12:30:04]   Last week Grayslake: $23,207.88
[2026-02-21 12:30:05]   Last week Milwaukee Eastside: $21,883.90
[2026-02-21 12:30:05]   Last week Mequon: $0.00
[2026-02-21 12:30:07]   Clients Wauwatosa: new=3 total=400
[2026-02-21 12:30:08]   Clients Milwaukee Downtown: new=3 total=185
[2026-02-21 12:30:09]   Clients Grayslake: new=2 total=271
[2026-02-21 12:30:11]   Clients Milwaukee Eastside: new=3 total=216
[2026-02-21 12:30:12]   Clients Mequon: new=0 total=0
[2026-02-21 12:30:13]   Boarding Wauwatosa: 33 dogs, 65 nights
[2026-02-21 12:30:14]   Boarding Milwaukee Downtown: 9 dogs, 20 nights
[2026-02-21 12:30:14]   Boarding Grayslake: 8 dogs, 20 nights
[2026-02-21 12:30:15]   Boarding Milwaukee Eastside: 11 dogs, 27 nights
[2026-02-21 12:30:15]   Boarding Mequon: 0 dogs, 0 nights
[2026-02-21 12:30:17]   Q1 Wauwatosa: $235,681.51 / $433,126.89 (54.4%)
[2026-02-21 12:30:19]   Q1 Milwaukee Downtown: $130,058.04 / $227,805.84 (57.1%)
[2026-02-21 12:30:21]   Q1 Grayslake: $170,682.25 / $315,763.77 (54.1%)
[2026-02-21 12:30:22]   Q1 Milwaukee Eastside: $153,313.07 / $273,556.22 (56.0%)
[2026-02-21 12:30:24]   Q1 Mequon: $0.00 / $0.00 (0.0%)
[2026-02-21 12:30:24] Data complete - building HTML...
[2026-02-21 12:30:26]   Retail Wauwatosa: $551.68 (1.8%% of revenue)
[2026-02-21 12:30:27]   Retail Milwaukee Downtown: $256.09 (1.4%% of revenue)
[2026-02-21 12:30:29]   Retail Grayslake: $122.57 (0.4%% of revenue)
[2026-02-21 12:30:30]   Retail Milwaukee Eastside: $225.78 (1.1%% of revenue)
[2026-02-21 12:30:30]   Retail Mequon: $0.00 (0.0%% of revenue)
[2026-02-21 12:30:33]   YTD Wauwatosa: $235,681.51 vs LY $220,498.35 (+6.9%)
[2026-02-21 12:30:36]   YTD Milwaukee Downtown: $130,058.04 vs LY $114,849.38 (+13.2%)
[2026-02-21 12:30:39]   YTD Grayslake: $170,682.25 vs LY $149,001.31 (+14.6%)
[2026-02-21 12:30:42]   YTD Milwaukee Eastside: $153,313.07 vs LY $131,457.74 (+16.6%)
[2026-02-21 12:30:44]   YTD Mequon: $0.00 vs LY $0.00 (+0.0%)
[2026-02-21 12:30:44] Data complete - building HTML...
[2026-02-21 12:30:44] Pulling daily scorecard data...
[2026-02-21 12:31:11]   Scorecard Wauwatosa: DC=9 BO=7 GR=7 Retail=$5.98
[2026-02-21 12:31:35]   Scorecard Milwaukee Downtown: DC=8 BO=3 GR=1 Retail=$0.00
[2026-02-21 12:31:59]   Scorecard Grayslake: DC=16 BO=2 GR=15 Retail=$0.00
[2026-02-21 12:32:24]   Scorecard Milwaukee Eastside: DC=4 BO=0 GR=9 Retail=$0.00
[2026-02-21 12:32:51]   Scorecard Mequon: DC=0 BO=0 GR=0 Retail=$0.00
[2026-02-21 12:32:51] Scorecard data complete.
[2026-02-21 12:32:51] Pulling tomorrow's bookings...
[2026-02-21 12:32:52]   Tomorrow Wauwatosa: DC=0 BO=1
[2026-02-21 12:32:54]   Tomorrow Milwaukee Downtown: DC=0 BO=1
[2026-02-21 12:32:55]   Tomorrow Grayslake: DC=0 BO=1
[2026-02-21 12:32:57]   Tomorrow Milwaukee Eastside: DC=0 BO=0
[2026-02-21 12:32:59]   Tomorrow Mequon: DC=0 BO=0
[2026-02-21 12:32:59] Tomorrow data complete.
[2026-02-21 12:32:59] Generating dashboard files...
[2026-02-21 12:32:59]   Generated index.html (owner)
[2026-02-21 12:32:59]   Generated dm.html (district manager)
[2026-02-21 12:32:59]   Generated gm-wauwatosa.html
[2026-02-21 12:32:59]   Generated gm-milwaukee-downtown.html
[2026-02-21 12:32:59]   Generated gm-grayslake.html
[2026-02-21 12:32:59]   Generated gm-milwaukee-eastside.html
[2026-02-21 12:32:59]   Generated gm-mequon.html
[2026-02-21 12:32:59] Dashboard saved to /Users/rade/Desktop/CentralBark/central_bark_dashboard.html
[2026-02-21 12:33:00] Pushed all files to GitHub Pages
[2026-02-21 12:33:00] Done.
[2026-02-21 12:42:52] Starting update - week Feb 15–Feb 21, 2026
[2026-02-21 12:42:52] Pulling Wauwatosa...
[2026-02-21 12:42:57]   DAYCARE: 614
[2026-02-21 12:42:59]   BOARDING: 33
[2026-02-21 12:43:01]   GROOMING: 76
[2026-02-21 12:43:01] Pulling Milwaukee Downtown...
[2026-02-21 12:43:04]   DAYCARE: 326
[2026-02-21 12:43:04]   BOARDING: 9
[2026-02-21 12:43:05]   GROOMING: 38
[2026-02-21 12:43:05] Pulling Grayslake...
[2026-02-21 12:43:08]   DAYCARE: 443
[2026-02-21 12:43:09]   BOARDING: 8
[2026-02-21 12:43:10]   GROOMING: 70
[2026-02-21 12:43:10] Pulling Milwaukee Eastside...
[2026-02-21 12:43:13]   DAYCARE: 329
[2026-02-21 12:43:14]   BOARDING: 11
[2026-02-21 12:43:16]   GROOMING: 71
[2026-02-21 12:43:16] Pulling Mequon...
[2026-02-21 12:43:21]   DAYCARE: 0
[2026-02-21 12:43:21]   BOARDING: 0
[2026-02-21 12:43:22]   GROOMING: 0
[2026-02-21 12:43:22] Pulling last week + clients + boarding nights...
[2026-02-21 12:43:23]   Last week Wauwatosa: $35,331.13
[2026-02-21 12:43:24]   Last week Milwaukee Downtown: $18,878.70
[2026-02-21 12:43:25]   Last week Grayslake: $23,207.88
[2026-02-21 12:43:25]   Last week Milwaukee Eastside: $21,883.90
[2026-02-21 12:43:26]   Last week Mequon: $0.00
[2026-02-21 12:43:28]   Clients Wauwatosa: new=3 total=402
[2026-02-21 12:43:30]   Clients Milwaukee Downtown: new=3 total=185
[2026-02-21 12:43:31]   Clients Grayslake: new=3 total=275
[2026-02-21 12:43:32]   Clients Milwaukee Eastside: new=3 total=216
[2026-02-21 12:43:34]   Clients Mequon: new=0 total=0
[2026-02-21 12:43:34]   Boarding Wauwatosa: 33 dogs, 65 nights
[2026-02-21 12:43:35]   Boarding Milwaukee Downtown: 9 dogs, 20 nights
[2026-02-21 12:43:36]   Boarding Grayslake: 8 dogs, 20 nights
[2026-02-21 12:43:36]   Boarding Milwaukee Eastside: 11 dogs, 27 nights
[2026-02-21 12:43:37]   Boarding Mequon: 0 dogs, 0 nights
[2026-02-21 12:43:39]   Q1 Wauwatosa: $236,317.76 / $433,126.89 (54.6%)
[2026-02-21 12:43:41]   Q1 Milwaukee Downtown: $130,058.04 / $227,805.84 (57.1%)
[2026-02-21 12:43:42]   Q1 Grayslake: $170,889.00 / $315,763.77 (54.1%)
[2026-02-21 12:43:44]   Q1 Milwaukee Eastside: $153,313.07 / $273,556.22 (56.0%)
[2026-02-21 12:43:45]   Q1 Mequon: $0.00 / $0.00 (0.0%)
[2026-02-21 12:43:45] Data complete - building HTML...
[2026-02-21 12:43:47]   Retail Wauwatosa: $551.68 (1.8%% of revenue)
[2026-02-21 12:43:48]   Retail Milwaukee Downtown: $256.09 (1.4%% of revenue)
[2026-02-21 12:43:49]   Retail Grayslake: $122.57 (0.4%% of revenue)
[2026-02-21 12:43:51]   Retail Milwaukee Eastside: $225.78 (1.1%% of revenue)
[2026-02-21 12:43:51]   Retail Mequon: $0.00 (0.0%% of revenue)
[2026-02-21 12:43:53]   YTD Wauwatosa: $236,317.76 vs LY $220,498.35 (+7.2%)
[2026-02-21 12:43:56]   YTD Milwaukee Downtown: $130,058.04 vs LY $114,849.38 (+13.2%)
[2026-02-21 12:43:59]   YTD Grayslake: $170,889.00 vs LY $149,001.31 (+14.7%)
[2026-02-21 12:44:01]   YTD Milwaukee Eastside: $153,313.07 vs LY $131,457.74 (+16.6%)
[2026-02-21 12:44:03]   YTD Mequon: $0.00 vs LY $0.00 (+0.0%)
[2026-02-21 12:44:03] Data complete - building HTML...
[2026-02-21 12:44:03] Pulling daily scorecard data...
[2026-02-21 12:44:25]   Scorecard Wauwatosa: DC=9 BO=7 GR=7 Retail=$5.98
[2026-02-21 12:44:47]   Scorecard Milwaukee Downtown: DC=8 BO=3 GR=1 Retail=$0.00
[2026-02-21 12:45:10]   Scorecard Grayslake: DC=16 BO=2 GR=15 Retail=$0.00
[2026-02-21 12:45:31]   Scorecard Milwaukee Eastside: DC=4 BO=0 GR=9 Retail=$0.00
[2026-02-21 12:45:50]   Scorecard Mequon: DC=0 BO=0 GR=0 Retail=$0.00
[2026-02-21 12:45:50] Scorecard data complete.
[2026-02-21 12:45:50] Pulling tomorrow's bookings...
[2026-02-21 12:45:51]   Tomorrow Wauwatosa: DC=0 BO=1
[2026-02-21 12:45:52]   Tomorrow Milwaukee Downtown: DC=0 BO=1
[2026-02-21 12:45:54]   Tomorrow Grayslake: DC=0 BO=1
[2026-02-21 12:45:55]   Tomorrow Milwaukee Eastside: DC=0 BO=0
[2026-02-21 12:45:56]   Tomorrow Mequon: DC=0 BO=0
[2026-02-21 12:45:56] Tomorrow data complete.
[2026-02-21 12:45:56] Generating dashboard files...
[2026-02-21 12:45:56]   Generated index.html (owner)
[2026-02-21 12:45:56]   Generated dm.html (district manager)
[2026-02-21 12:45:56]   Generated gm-wauwatosa.html
[2026-02-21 12:45:56]   Generated gm-milwaukee-downtown.html
[2026-02-21 12:45:56]   Generated gm-grayslake.html
[2026-02-21 12:45:56]   Generated gm-milwaukee-eastside.html
[2026-02-21 12:45:56]   Generated gm-mequon.html
[2026-02-21 12:45:56] Dashboard saved to /Users/rade/Desktop/CentralBark/central_bark_dashboard.html
[2026-02-21 12:45:57] Pushed all files to GitHub Pages
[2026-02-21 12:45:57] Done.
[2026-02-21 12:49:32] Starting update - week Feb 15–Feb 21, 2026
[2026-02-21 12:49:32] Pulling Wauwatosa...
[2026-02-21 12:49:35]   DAYCARE: 614
[2026-02-21 12:49:36]   BOARDING: 33
[2026-02-21 12:49:37]   GROOMING: 76
[2026-02-21 12:49:37] Pulling Milwaukee Downtown...
[2026-02-21 12:49:39]   DAYCARE: 326
[2026-02-21 12:49:40]   BOARDING: 9
[2026-02-21 12:49:41]   GROOMING: 38
[2026-02-21 12:49:41] Pulling Grayslake...
[2026-02-21 12:49:43]   DAYCARE: 443
[2026-02-21 12:49:44]   BOARDING: 8
[2026-02-21 12:49:45]   GROOMING: 70
[2026-02-21 12:49:45] Pulling Milwaukee Eastside...
[2026-02-21 12:49:48]   DAYCARE: 329
[2026-02-21 12:49:49]   BOARDING: 11
[2026-02-21 12:49:50]   GROOMING: 71
[2026-02-21 12:49:50] Pulling Mequon...
[2026-02-21 12:49:51]   DAYCARE: 0
[2026-02-21 12:49:52]   BOARDING: 0
[2026-02-21 12:49:52]   GROOMING: 0
[2026-02-21 12:49:52] Pulling last week + clients + boarding nights...
[2026-02-21 12:49:53]   Last week Wauwatosa: $35,331.13
[2026-02-21 12:49:54]   Last week Milwaukee Downtown: $18,878.70
[2026-02-21 12:49:54]   Last week Grayslake: $23,207.88
[2026-02-21 12:49:55]   Last week Milwaukee Eastside: $21,883.90
[2026-02-21 12:49:56]   Last week Mequon: $0.00
[2026-02-21 12:49:57]   Clients Wauwatosa: new=3 total=402
[2026-02-21 12:49:58]   Clients Milwaukee Downtown: new=3 total=185
[2026-02-21 12:50:00]   Clients Grayslake: new=3 total=275
[2026-02-21 12:50:01]   Clients Milwaukee Eastside: new=3 total=216
[2026-02-21 12:50:02]   Clients Mequon: new=0 total=0
[2026-02-21 12:50:03]   Boarding Wauwatosa: 33 dogs, 65 nights
[2026-02-21 12:50:04]   Boarding Milwaukee Downtown: 9 dogs, 20 nights
[2026-02-21 12:50:04]   Boarding Grayslake: 8 dogs, 20 nights
[2026-02-21 12:50:05]   Boarding Milwaukee Eastside: 11 dogs, 27 nights
[2026-02-21 12:50:06]   Boarding Mequon: 0 dogs, 0 nights
[2026-02-21 12:50:07]   Q1 Wauwatosa: $236,317.76 / $433,126.89 (54.6%)
[2026-02-21 12:50:09]   Q1 Milwaukee Downtown: $130,058.04 / $227,805.84 (57.1%)
[2026-02-21 12:50:10]   Q1 Grayslake: $170,889.00 / $315,763.77 (54.1%)
[2026-02-21 12:50:12]   Q1 Milwaukee Eastside: $153,313.07 / $273,556.22 (56.0%)
[2026-02-21 12:50:13]   Q1 Mequon: $0.00 / $0.00 (0.0%)
[2026-02-21 12:50:13] Data complete - building HTML...
[2026-02-21 12:50:15]   Retail Wauwatosa: $551.68 (1.8%% of revenue)
[2026-02-21 12:50:16]   Retail Milwaukee Downtown: $256.09 (1.4%% of revenue)
[2026-02-21 12:50:18]   Retail Grayslake: $122.57 (0.4%% of revenue)
[2026-02-21 12:50:20]   Retail Milwaukee Eastside: $225.78 (1.1%% of revenue)
[2026-02-21 12:50:20]   Retail Mequon: $0.00 (0.0%% of revenue)
[2026-02-21 12:50:23]   YTD Wauwatosa: $236,317.76 vs LY $220,498.35 (+7.2%)
[2026-02-21 12:50:25]   YTD Milwaukee Downtown: $130,058.04 vs LY $114,849.38 (+13.2%)
[2026-02-21 12:50:28]   YTD Grayslake: $170,889.00 vs LY $149,001.31 (+14.7%)
[2026-02-21 12:50:31]   YTD Milwaukee Eastside: $153,313.07 vs LY $131,457.74 (+16.6%)
[2026-02-21 12:50:33]   YTD Mequon: $0.00 vs LY $0.00 (+0.0%)
[2026-02-21 12:50:33] Data complete - building HTML...
[2026-02-21 12:50:33] Pulling daily scorecard data...
[2026-02-21 12:50:56]   Scorecard Wauwatosa: DC=9 BO=7 GR=7 Retail=$5.98
[2026-02-21 12:51:19]   Scorecard Milwaukee Downtown: DC=8 BO=3 GR=1 Retail=$0.00
[2026-02-21 12:51:41]   Scorecard Grayslake: DC=16 BO=2 GR=15 Retail=$0.00
[2026-02-21 12:52:03]   Scorecard Milwaukee Eastside: DC=4 BO=0 GR=9 Retail=$0.00
[2026-02-21 12:52:24]   Scorecard Mequon: DC=0 BO=0 GR=0 Retail=$0.00
[2026-02-21 12:52:24] Scorecard data complete.
[2026-02-21 12:52:24] Pulling tomorrow's bookings...
[2026-02-21 12:52:25]   Tomorrow Wauwatosa: DC=0 BO=1
[2026-02-21 12:52:26]   Tomorrow Milwaukee Downtown: DC=0 BO=1
[2026-02-21 12:52:27]   Tomorrow Grayslake: DC=0 BO=1
[2026-02-21 12:52:28]   Tomorrow Milwaukee Eastside: DC=0 BO=0
[2026-02-21 12:52:30]   Tomorrow Mequon: DC=0 BO=0
[2026-02-21 12:52:30] Tomorrow data complete.
[2026-02-21 12:52:30] Generating dashboard files...
[2026-02-21 12:52:30]   Generated index.html (owner)
[2026-02-21 12:52:30]   Generated dm.html (district manager)
[2026-02-21 12:52:30]   Generated gm-wauwatosa.html
[2026-02-21 12:52:30]   Generated gm-milwaukee-downtown.html
[2026-02-21 12:52:30]   Generated gm-grayslake.html
[2026-02-21 12:52:30]   Generated gm-milwaukee-eastside.html
[2026-02-21 12:52:30]   Generated gm-mequon.html
[2026-02-21 12:52:30] Dashboard saved to /Users/rade/Desktop/CentralBark/central_bark_dashboard.html
[2026-02-21 12:52:30] Pushed all files to GitHub Pages
[2026-02-21 12:52:30] Done.
[2026-02-21 12:59:44] Starting update - week Feb 15–Feb 21, 2026
[2026-02-21 12:59:44] Pulling Wauwatosa...
[2026-02-21 12:59:47]   DAYCARE: 614
[2026-02-21 12:59:48]   BOARDING: 33
[2026-02-21 12:59:49]   GROOMING: 76
[2026-02-21 12:59:49] Pulling Milwaukee Downtown...
[2026-02-21 12:59:51]   DAYCARE: 326
[2026-02-21 12:59:52]   BOARDING: 9
[2026-02-21 12:59:52]   GROOMING: 38
[2026-02-21 12:59:52] Pulling Grayslake...
[2026-02-21 12:59:54]   DAYCARE: 443
[2026-02-21 12:59:55]   BOARDING: 8
[2026-02-21 12:59:56]   GROOMING: 70
[2026-02-21 12:59:56] Pulling Milwaukee Eastside...
[2026-02-21 12:59:58]   DAYCARE: 329
[2026-02-21 12:59:59]   BOARDING: 11
[2026-02-21 13:00:00]   GROOMING: 71
[2026-02-21 13:00:00] Pulling Mequon...
[2026-02-21 13:00:03]   DAYCARE: 0
[2026-02-21 13:00:03]   BOARDING: 0
[2026-02-21 13:00:04]   GROOMING: 0
[2026-02-21 13:00:04] Pulling last week + clients + boarding nights...
[2026-02-21 13:00:05]   Last week Wauwatosa: $35,331.13
[2026-02-21 13:00:06]   Last week Milwaukee Downtown: $18,878.70
[2026-02-21 13:00:07]   Last week Grayslake: $23,207.88
[2026-02-21 13:00:07]   Last week Milwaukee Eastside: $21,883.90
[2026-02-21 13:00:08]   Last week Mequon: $0.00
[2026-02-21 13:00:09]   Clients Wauwatosa: new=3 total=402
[2026-02-21 13:00:11]   Clients Milwaukee Downtown: new=3 total=185
[2026-02-21 13:00:12]   Clients Grayslake: new=3 total=275
[2026-02-21 13:00:13]   Clients Milwaukee Eastside: new=3 total=216
[2026-02-21 13:00:15]   Clients Mequon: new=0 total=0
[2026-02-21 13:00:15]   Boarding Wauwatosa: 33 dogs, 65 nights
[2026-02-21 13:00:16]   Boarding Milwaukee Downtown: 9 dogs, 20 nights
[2026-02-21 13:00:17]   Boarding Grayslake: 8 dogs, 20 nights
[2026-02-21 13:00:17]   Boarding Milwaukee Eastside: 11 dogs, 27 nights
[2026-02-21 13:00:18]   Boarding Mequon: 0 dogs, 0 nights
[2026-02-21 13:00:19]   Q1 Wauwatosa: $236,317.76 / $433,126.89 (54.6%)
[2026-02-21 13:00:21]   Q1 Milwaukee Downtown: $130,058.04 / $227,805.84 (57.1%)
[2026-02-21 13:00:23]   Q1 Grayslake: $170,889.00 / $315,763.77 (54.1%)
[2026-02-21 13:00:25]   Q1 Milwaukee Eastside: $153,313.07 / $273,556.22 (56.0%)
[2026-02-21 13:00:26]   Q1 Mequon: $0.00 / $0.00 (0.0%)
[2026-02-21 13:00:26] Data complete - building HTML...
[2026-02-21 13:00:28]   Retail Wauwatosa: $551.68 (1.8%% of revenue)
[2026-02-21 13:00:29]   Retail Milwaukee Downtown: $256.09 (1.4%% of revenue)
[2026-02-21 13:00:30]   Retail Grayslake: $122.57 (0.4%% of revenue)
[2026-02-21 13:00:32]   Retail Milwaukee Eastside: $225.78 (1.1%% of revenue)
[2026-02-21 13:00:32]   Retail Mequon: $0.00 (0.0%% of revenue)
[2026-02-21 13:00:34]   YTD Wauwatosa: $236,317.76 vs LY $220,498.35 (+7.2%)
[2026-02-21 13:00:37]   YTD Milwaukee Downtown: $130,058.04 vs LY $114,849.38 (+13.2%)
[2026-02-21 13:00:39]   YTD Grayslake: $170,889.00 vs LY $149,001.31 (+14.7%)
[2026-02-21 13:00:41]   YTD Milwaukee Eastside: $153,313.07 vs LY $131,457.74 (+16.6%)
[2026-02-21 13:00:43]   YTD Mequon: $0.00 vs LY $0.00 (+0.0%)
[2026-02-21 13:00:43] Data complete - building HTML...
[2026-02-21 13:00:43] Pulling daily scorecard data...
[2026-02-21 13:01:07]   Scorecard Wauwatosa: DC=9 BO=7 GR=7 Retail=$5.98
[2026-02-21 13:01:32]   Scorecard Milwaukee Downtown: DC=8 BO=3 GR=1 Retail=$0.00
[2026-02-21 13:01:53]   Scorecard Grayslake: DC=16 BO=2 GR=15 Retail=$0.00
[2026-02-21 13:02:15]   Scorecard Milwaukee Eastside: DC=4 BO=0 GR=9 Retail=$0.00
[2026-02-21 13:02:36]   Scorecard Mequon: DC=0 BO=0 GR=0 Retail=$0.00
[2026-02-21 13:02:36] Scorecard data complete.
[2026-02-21 13:02:36] Pulling tomorrow's bookings...
[2026-02-21 13:02:37]   Tomorrow Wauwatosa: DC=0 BO=1
[2026-02-21 13:02:38]   Tomorrow Milwaukee Downtown: DC=0 BO=1
[2026-02-21 13:02:40]   Tomorrow Grayslake: DC=0 BO=1
[2026-02-21 13:02:41]   Tomorrow Milwaukee Eastside: DC=0 BO=0
[2026-02-21 13:02:42]   Tomorrow Mequon: DC=0 BO=0
[2026-02-21 13:02:42] Tomorrow data complete.
[2026-02-21 13:02:42] Generating dashboard files...
[2026-02-21 13:02:42]   Generated index.html (owner)
[2026-02-21 13:02:42]   Generated dm.html (district manager)
[2026-02-21 13:02:42]   Generated gm-wauwatosa.html
[2026-02-21 13:02:42]   Generated gm-milwaukee-downtown.html
[2026-02-21 13:02:42]   Generated gm-grayslake.html
[2026-02-21 13:02:42]   Generated gm-milwaukee-eastside.html
[2026-02-21 13:02:42]   Generated gm-mequon.html
[2026-02-21 13:02:42] Dashboard saved to /Users/rade/Desktop/CentralBark/central_bark_dashboard.html
[2026-02-21 13:02:43] Pushed all files to GitHub Pages
[2026-02-21 13:02:43] Done.
[2026-02-21 13:04:54] Starting update - week Feb 15–Feb 21, 2026
[2026-02-21 13:04:54] Pulling Wauwatosa...
[2026-02-21 13:04:57]   DAYCARE: 614
[2026-02-21 13:04:58]   BOARDING: 33
[2026-02-21 13:04:59]   GROOMING: 76
[2026-02-21 13:04:59] Pulling Milwaukee Downtown...
[2026-02-21 13:05:02]   DAYCARE: 326
[2026-02-21 13:05:02]   BOARDING: 9
[2026-02-21 13:05:03]   GROOMING: 38
[2026-02-21 13:05:03] Pulling Grayslake...
[2026-02-21 13:05:06]   DAYCARE: 443
[2026-02-21 13:05:06]   BOARDING: 8
[2026-02-21 13:05:07]   GROOMING: 70
[2026-02-21 13:05:07] Pulling Milwaukee Eastside...
[2026-02-21 13:05:10]   DAYCARE: 329
[2026-02-21 13:05:10]   BOARDING: 11
[2026-02-21 13:05:11]   GROOMING: 71
[2026-02-21 13:05:11] Pulling Mequon...
[2026-02-21 13:05:13]   DAYCARE: 0
[2026-02-21 13:05:13]   BOARDING: 0
[2026-02-21 13:05:14]   GROOMING: 0
[2026-02-21 13:05:14] Pulling last week + clients + boarding nights...
[2026-02-21 13:05:14]   Last week Wauwatosa: $35,331.13
[2026-02-21 13:05:15]   Last week Milwaukee Downtown: $18,878.70
[2026-02-21 13:05:16]   Last week Grayslake: $23,207.88
[2026-02-21 13:05:16]   Last week Milwaukee Eastside: $21,883.90
[2026-02-21 13:05:17]   Last week Mequon: $0.00
[2026-02-21 13:05:18]   Clients Wauwatosa: new=3 total=402
[2026-02-21 13:05:19]   Clients Milwaukee Downtown: new=3 total=185
[2026-02-21 13:05:21]   Clients Grayslake: new=3 total=275
[2026-02-21 13:05:22]   Clients Milwaukee Eastside: new=3 total=216
[2026-02-21 13:05:23]   Clients Mequon: new=0 total=0
[2026-02-21 13:05:24]   Boarding Wauwatosa: 33 dogs, 65 nights
[2026-02-21 13:05:24]   Boarding Milwaukee Downtown: 9 dogs, 20 nights
[2026-02-21 13:05:25]   Boarding Grayslake: 8 dogs, 20 nights
[2026-02-21 13:05:26]   Boarding Milwaukee Eastside: 11 dogs, 27 nights
[2026-02-21 13:05:26]   Boarding Mequon: 0 dogs, 0 nights
[2026-02-21 13:05:28]   Q1 Wauwatosa: $236,317.76 / $433,126.89 (54.6%)
[2026-02-21 13:05:29]   Q1 Milwaukee Downtown: $130,058.04 / $227,805.84 (57.1%)
[2026-02-21 13:05:31]   Q1 Grayslake: $170,889.00 / $315,763.77 (54.1%)
[2026-02-21 13:05:32]   Q1 Milwaukee Eastside: $153,313.07 / $273,556.22 (56.0%)
[2026-02-21 13:05:34]   Q1 Mequon: $0.00 / $0.00 (0.0%)
[2026-02-21 13:05:34] Data complete - building HTML...
[2026-02-21 13:05:36]   Retail Wauwatosa: $551.68 (1.8%% of revenue)
[2026-02-21 13:05:38]   Retail Milwaukee Downtown: $256.09 (1.4%% of revenue)
[2026-02-21 13:05:40]   Retail Grayslake: $122.57 (0.4%% of revenue)
[2026-02-21 13:05:41]   Retail Milwaukee Eastside: $225.78 (1.1%% of revenue)
[2026-02-21 13:05:41]   Retail Mequon: $0.00 (0.0%% of revenue)
[2026-02-21 13:05:44]   YTD Wauwatosa: $236,317.76 vs LY $220,498.35 (+7.2%)
[2026-02-21 13:05:47]   YTD Milwaukee Downtown: $130,058.04 vs LY $114,849.38 (+13.2%)
[2026-02-21 13:05:50]   YTD Grayslake: $170,889.00 vs LY $149,001.31 (+14.7%)
[2026-02-21 13:05:53]   YTD Milwaukee Eastside: $153,313.07 vs LY $131,457.74 (+16.6%)
[2026-02-21 13:05:54]   YTD Mequon: $0.00 vs LY $0.00 (+0.0%)
[2026-02-21 13:05:54] Data complete - building HTML...
[2026-02-21 13:05:54] Pulling daily scorecard data...
[2026-02-21 13:06:18]   Scorecard Wauwatosa: DC=9 BO=7 GR=7 Retail=$5.98
[2026-02-21 13:06:44]   Scorecard Milwaukee Downtown: DC=8 BO=3 GR=1 Retail=$0.00
[2026-02-21 13:07:09]   Scorecard Grayslake: DC=16 BO=2 GR=15 Retail=$0.00
[2026-02-21 13:07:32]   Scorecard Milwaukee Eastside: DC=4 BO=0 GR=9 Retail=$0.00
[2026-02-21 13:07:53]   Scorecard Mequon: DC=0 BO=0 GR=0 Retail=$0.00
[2026-02-21 13:07:53] Scorecard data complete.
[2026-02-21 13:07:53] Pulling tomorrow's bookings...
[2026-02-21 13:07:54]   Tomorrow Wauwatosa: DC=0 BO=1
[2026-02-21 13:07:55]   Tomorrow Milwaukee Downtown: DC=0 BO=1
[2026-02-21 13:07:56]   Tomorrow Grayslake: DC=0 BO=1
[2026-02-21 13:07:57]   Tomorrow Milwaukee Eastside: DC=0 BO=0
[2026-02-21 13:07:58]   Tomorrow Mequon: DC=0 BO=0
[2026-02-21 13:07:58] Tomorrow data complete.
[2026-02-21 13:07:58] Generating dashboard files...
[2026-02-21 13:07:58]   Generated index.html (owner)
[2026-02-21 13:07:58]   Generated dm.html (district manager)
[2026-02-21 13:07:58]   Generated gm-wauwatosa.html
[2026-02-21 13:07:58]   Generated gm-milwaukee-downtown.html
[2026-02-21 13:07:58]   Generated gm-grayslake.html
[2026-02-21 13:07:58]   Generated gm-milwaukee-eastside.html
[2026-02-21 13:07:58]   Generated gm-mequon.html
[2026-02-21 13:07:58] Dashboard saved to /Users/rade/Desktop/CentralBark/central_bark_dashboard.html
[2026-02-21 13:07:59] Pushed all files to GitHub Pages
[2026-02-21 13:07:59] Done.
[2026-02-21 13:09:11] Starting update - week Feb 15–Feb 21, 2026
[2026-02-21 13:09:11] Pulling Wauwatosa...
[2026-02-21 13:09:14]   DAYCARE: 614
[2026-02-21 13:09:14]   BOARDING: 33
[2026-02-21 13:09:15]   GROOMING: 76
[2026-02-21 13:09:15] Pulling Milwaukee Downtown...
[2026-02-21 13:09:17]   DAYCARE: 326
[2026-02-21 13:09:18]   BOARDING: 9
[2026-02-21 13:09:19]   GROOMING: 38
[2026-02-21 13:09:19] Pulling Grayslake...
[2026-02-21 13:09:21]   DAYCARE: 443
[2026-02-21 13:09:22]   BOARDING: 8
[2026-02-21 13:09:22]   GROOMING: 70
[2026-02-21 13:09:22] Pulling Milwaukee Eastside...
[2026-02-21 13:09:25]   DAYCARE: 329
[2026-02-21 13:09:25]   BOARDING: 11
[2026-02-21 13:09:26]   GROOMING: 71
[2026-02-21 13:09:26] Pulling Mequon...
[2026-02-21 13:09:27]   DAYCARE: 0
[2026-02-21 13:09:28]   BOARDING: 0
[2026-02-21 13:09:28]   GROOMING: 0
[2026-02-21 13:09:28] Pulling last week + clients + boarding nights...
[2026-02-21 13:09:29]   Last week Wauwatosa: $35,331.13
[2026-02-21 13:09:30]   Last week Milwaukee Downtown: $18,878.70
[2026-02-21 13:09:30]   Last week Grayslake: $23,207.88
[2026-02-21 13:09:31]   Last week Milwaukee Eastside: $21,883.90
[2026-02-21 13:09:32]   Last week Mequon: $0.00
[2026-02-21 13:09:33]   Clients Wauwatosa: new=3 total=402
[2026-02-21 13:09:34]   Clients Milwaukee Downtown: new=3 total=185
[2026-02-21 13:09:35]   Clients Grayslake: new=3 total=275
[2026-02-21 13:09:36]   Clients Milwaukee Eastside: new=3 total=216
[2026-02-21 13:09:37]   Clients Mequon: new=0 total=0
[2026-02-21 13:09:38]   Boarding Wauwatosa: 33 dogs, 65 nights
[2026-02-21 13:09:39]   Boarding Milwaukee Downtown: 9 dogs, 20 nights
[2026-02-21 13:09:39]   Boarding Grayslake: 8 dogs, 20 nights
[2026-02-21 13:09:40]   Boarding Milwaukee Eastside: 11 dogs, 27 nights
[2026-02-21 13:09:41]   Boarding Mequon: 0 dogs, 0 nights
[2026-02-21 13:09:42]   Q1 Wauwatosa: $236,317.76 / $433,126.89 (54.6%)
[2026-02-21 13:09:44]   Q1 Milwaukee Downtown: $130,058.04 / $227,805.84 (57.1%)
[2026-02-21 13:09:45]   Q1 Grayslake: $170,889.00 / $315,763.77 (54.1%)
[2026-02-21 13:09:47]   Q1 Milwaukee Eastside: $153,313.07 / $273,556.22 (56.0%)
[2026-02-21 13:09:48]   Q1 Mequon: $0.00 / $0.00 (0.0%)
[2026-02-21 13:09:48] Data complete - building HTML...
[2026-02-21 13:09:50]   Retail Wauwatosa: $551.68 (1.8%% of revenue)
[2026-02-21 13:09:52]   Retail Milwaukee Downtown: $256.09 (1.4%% of revenue)
[2026-02-21 13:09:53]   Retail Grayslake: $122.57 (0.4%% of revenue)
[2026-02-21 13:09:54]   Retail Milwaukee Eastside: $225.78 (1.1%% of revenue)
[2026-02-21 13:09:55]   Retail Mequon: $0.00 (0.0%% of revenue)
[2026-02-21 13:09:57]   YTD Wauwatosa: $236,317.76 vs LY $220,498.35 (+7.2%)
[2026-02-21 13:10:00]   YTD Milwaukee Downtown: $130,058.04 vs LY $114,849.38 (+13.2%)
[2026-02-21 13:10:03]   YTD Grayslake: $170,889.00 vs LY $149,001.31 (+14.7%)
[2026-02-21 13:10:05]   YTD Milwaukee Eastside: $153,313.07 vs LY $131,457.74 (+16.6%)
[2026-02-21 13:10:08]   YTD Mequon: $0.00 vs LY $0.00 (+0.0%)
[2026-02-21 13:10:08] Data complete - building HTML...
[2026-02-21 13:10:08] Pulling daily scorecard data...
[2026-02-21 13:10:30]   Scorecard Wauwatosa: DC=9 BO=7 GR=7 Retail=$5.98
[2026-02-21 13:11:18] Starting update - week Feb 15–Feb 21, 2026
[2026-02-21 13:11:18] Pulling Wauwatosa...
[2026-02-21 13:11:22]   DAYCARE: 614
[2026-02-21 13:11:23]   BOARDING: 33
[2026-02-21 13:11:24]   GROOMING: 76
[2026-02-21 13:11:24] Pulling Milwaukee Downtown...
[2026-02-21 13:11:27]   DAYCARE: 326
[2026-02-21 13:11:28]   BOARDING: 9
[2026-02-21 13:11:29]   GROOMING: 38
[2026-02-21 13:11:29] Pulling Grayslake...
[2026-02-21 13:11:31]   DAYCARE: 443
[2026-02-21 13:11:31]   BOARDING: 8
[2026-02-21 13:11:32]   GROOMING: 70
[2026-02-21 13:11:32] Pulling Milwaukee Eastside...
[2026-02-21 13:11:34]   DAYCARE: 329
[2026-02-21 13:11:35]   BOARDING: 11
[2026-02-21 13:11:36]   GROOMING: 71
[2026-02-21 13:11:36] Pulling Mequon...
[2026-02-21 13:11:38]   DAYCARE: 0
[2026-02-21 13:11:39]   BOARDING: 0
[2026-02-21 13:11:39]   GROOMING: 0
[2026-02-21 13:11:39] Pulling last week + clients + boarding nights...
[2026-02-21 13:11:40]   Last week Wauwatosa: $35,331.13
[2026-02-21 13:11:41]   Last week Milwaukee Downtown: $18,878.70
[2026-02-21 13:11:41]   Last week Grayslake: $23,207.88
[2026-02-21 13:11:42]   Last week Milwaukee Eastside: $21,883.90
[2026-02-21 13:11:43]   Last week Mequon: $0.00
[2026-02-21 13:11:44]   Clients Wauwatosa: new=3 total=402
[2026-02-21 13:11:45]   Clients Milwaukee Downtown: new=3 total=185
[2026-02-21 13:11:47]   Clients Grayslake: new=3 total=275
[2026-02-21 13:11:48]   Clients Milwaukee Eastside: new=3 total=216
[2026-02-21 13:11:49]   Clients Mequon: new=0 total=0
[2026-02-21 13:11:50]   Boarding Wauwatosa: 33 dogs, 65 nights
[2026-02-21 13:11:50]   Boarding Milwaukee Downtown: 9 dogs, 20 nights
[2026-02-21 13:11:51]   Boarding Grayslake: 8 dogs, 20 nights
[2026-02-21 13:11:52]   Boarding Milwaukee Eastside: 11 dogs, 27 nights
[2026-02-21 13:11:52]   Boarding Mequon: 0 dogs, 0 nights
[2026-02-21 13:11:53]   Q1 Wauwatosa: $236,317.76 / $433,126.89 (54.6%)
[2026-02-21 13:11:55]   Q1 Milwaukee Downtown: $130,058.04 / $227,805.84 (57.1%)
[2026-02-21 13:11:56]   Q1 Grayslake: $170,889.00 / $315,763.77 (54.1%)
[2026-02-21 13:11:58]   Q1 Milwaukee Eastside: $153,313.07 / $273,556.22 (56.0%)
[2026-02-21 13:11:59]   Q1 Mequon: $0.00 / $0.00 (0.0%)
[2026-02-21 13:11:59] Data complete - building HTML...
[2026-02-21 13:12:02]   Retail Wauwatosa: $551.68 (1.8%% of revenue)
[2026-02-21 13:12:04]   Retail Milwaukee Downtown: $256.09 (1.4%% of revenue)
[2026-02-21 13:12:05]   Retail Grayslake: $122.57 (0.4%% of revenue)
[2026-02-21 13:12:06]   Retail Milwaukee Eastside: $225.78 (1.1%% of revenue)
[2026-02-21 13:12:07]   Retail Mequon: $0.00 (0.0%% of revenue)
[2026-02-21 13:12:09]   YTD Wauwatosa: $236,317.76 vs LY $220,498.35 (+7.2%)
[2026-02-21 13:12:12]   YTD Milwaukee Downtown: $130,058.04 vs LY $114,849.38 (+13.2%)
[2026-02-21 13:12:15]   YTD Grayslake: $170,889.00 vs LY $149,001.31 (+14.7%)
[2026-02-21 13:12:17]   YTD Milwaukee Eastside: $153,313.07 vs LY $131,457.74 (+16.6%)
[2026-02-21 13:12:19]   YTD Mequon: $0.00 vs LY $0.00 (+0.0%)
[2026-02-21 13:12:19] Data complete - building HTML...
[2026-02-21 13:12:19] Pulling daily scorecard data...
[2026-02-21 13:12:41]   Scorecard Wauwatosa: DC=9 BO=7 GR=7 Retail=$5.98
[2026-02-21 13:13:06]   Scorecard Milwaukee Downtown: DC=8 BO=3 GR=1 Retail=$0.00
[2026-02-21 13:13:27]   Scorecard Grayslake: DC=16 BO=2 GR=15 Retail=$0.00
[2026-02-21 13:13:48]   Scorecard Milwaukee Eastside: DC=4 BO=0 GR=9 Retail=$0.00
[2026-02-21 13:14:08]   Scorecard Mequon: DC=0 BO=0 GR=0 Retail=$0.00
[2026-02-21 13:14:08] Scorecard data complete.
[2026-02-21 13:14:08] Pulling tomorrow's bookings...
[2026-02-21 13:14:09]   Tomorrow Wauwatosa: DC=0 BO=1
[2026-02-21 13:14:10]   Tomorrow Milwaukee Downtown: DC=0 BO=1
[2026-02-21 13:14:11]   Tomorrow Grayslake: DC=0 BO=1
[2026-02-21 13:14:12]   Tomorrow Milwaukee Eastside: DC=0 BO=0
[2026-02-21 13:14:13]   Tomorrow Mequon: DC=0 BO=0
[2026-02-21 13:14:13] Tomorrow data complete.
[2026-02-21 13:14:13] Generating dashboard files...
[2026-02-21 13:14:13]   Generated index.html (owner)
[2026-02-21 13:14:13]   Generated dm.html (district manager)
[2026-02-21 13:14:13]   Generated gm-wauwatosa.html
[2026-02-21 13:14:13]   Generated gm-milwaukee-downtown.html
[2026-02-21 13:14:13]   Generated gm-grayslake.html
[2026-02-21 13:14:13]   Generated gm-milwaukee-eastside.html
[2026-02-21 13:14:13]   Generated gm-mequon.html
[2026-02-21 13:14:13] Dashboard saved to /Users/rade/Desktop/CentralBark/central_bark_dashboard.html
[2026-02-21 13:14:14] Pushed all files to GitHub Pages
[2026-02-21 13:14:14] Done.
